2026-08-08 16:10:14 INFO  TC001_AccountRegistration - program started
2026-08-08 16:12:52 INFO  TC001_AccountRegistration - program started
2026-08-08 16:12:52 INFO  TC001_AccountRegistration - account cloicked
2026-08-08 16:12:52 INFO  TC001_AccountRegistration - register clicked
2026-08-08 16:12:52 INFO  TC001_AccountRegistration - accout regsitartion started
2026-08-08 16:12:55 INFO  TC001_AccountRegistration - registration completed
2026-08-09 08:06:12 INFO  TC001_AccountRegistration - program started
2026-08-09 08:06:12 INFO  TC001_AccountRegistration - account cloicked
2026-08-09 08:06:12 INFO  TC001_AccountRegistration - register clicked
2026-08-09 08:06:12 INFO  TC001_AccountRegistration - accout regsitartion started
2026-08-09 08:06:15 INFO  TC001_AccountRegistration - registration completed
2026-08-09 08:11:15 INFO  TC001_AccountRegistration - program started
2026-08-09 08:11:15 INFO  TC001_AccountRegistration - account cloicked
2026-08-09 08:11:15 INFO  TC001_AccountRegistration - register clicked
2026-08-09 08:11:15 INFO  TC001_AccountRegistration - accout regsitartion started
2026-08-09 08:12:08 INFO  TC001_AccountRegistration - program started
2026-08-09 08:12:08 INFO  TC001_AccountRegistration - account cloicked
2026-08-09 08:12:08 INFO  TC001_AccountRegistration - register clicked
2026-08-09 08:12:08 INFO  TC001_AccountRegistration - accout regsitartion started
2026-08-09 08:14:04 INFO  TC001_AccountRegistration - program started
2026-08-09 08:14:04 INFO  TC001_AccountRegistration - account cloicked
2026-08-09 08:14:04 INFO  TC001_AccountRegistration - register clicked
2026-08-09 08:14:04 INFO  TC001_AccountRegistration - accout regsitartion started
2026-08-09 08:14:06 INFO  TC001_AccountRegistration - registration completed
2026-08-09 08:15:05 INFO  TC001_AccountRegistration - program started
2026-08-09 08:15:05 INFO  TC001_AccountRegistration - account cloicked
2026-08-09 08:15:05 INFO  TC001_AccountRegistration - register clicked
2026-08-09 08:15:05 INFO  TC001_AccountRegistration - accout regsitartion started
2026-08-09 08:15:08 INFO  TC001_AccountRegistration - registration completed
2026-08-09 08:23:50 INFO  TC001_AccountRegistration - program started
2026-08-09 08:23:50 INFO  TC001_AccountRegistration - account cloicked
2026-08-09 08:23:51 INFO  TC001_AccountRegistration - register clicked
2026-08-09 08:23:51 INFO  TC001_AccountRegistration - accout regsitartion started
2026-08-09 08:23:53 INFO  TC001_AccountRegistration - registration completed
2026-08-09 08:24:09 INFO  TC001_AccountRegistration - program started
2026-08-09 08:24:09 INFO  TC001_AccountRegistration - account cloicked
2026-08-09 08:24:10 INFO  TC001_AccountRegistration - register clicked
2026-08-09 08:24:10 INFO  TC001_AccountRegistration - accout regsitartion started
2026-08-09 08:24:11 INFO  TC001_AccountRegistration - registration completed
2026-08-09 08:28:52 INFO  TC001_AccountRegistration - program started
2026-08-09 08:28:52 INFO  TC001_AccountRegistration - account cloicked
2026-08-09 08:28:53 INFO  TC001_AccountRegistration - register clicked
2026-08-09 08:28:53 INFO  TC001_AccountRegistration - accout regsitartion started
2026-08-09 08:28:55 INFO  TC001_AccountRegistration - registration completed
2026-08-09 08:28:57 INFO  TC001_AccountRegistration - program started
2026-08-09 08:28:57 INFO  TC001_AccountRegistration - account cloicked
2026-08-09 08:28:57 INFO  TC001_AccountRegistration - register clicked
2026-08-09 08:28:57 INFO  TC001_AccountRegistration - accout regsitartion started
2026-08-09 08:28:59 INFO  TC001_AccountRegistration - registration completed
2026-08-09 08:30:35 INFO  TC001_AccountRegistration - program started
2026-08-09 08:30:35 INFO  TC001_AccountRegistration - account cloicked
2026-08-09 08:30:35 INFO  TC001_AccountRegistration - register clicked
2026-08-09 08:30:35 INFO  TC001_AccountRegistration - program started
2026-08-09 08:30:35 INFO  TC001_AccountRegistration - account cloicked
2026-08-09 08:30:36 INFO  TC001_AccountRegistration - register clicked
2026-08-09 08:30:36 INFO  TC001_AccountRegistration - accout regsitartion started
2026-08-09 08:30:36 INFO  TC001_AccountRegistration - accout regsitartion started
2026-08-09 08:30:39 INFO  TC001_AccountRegistration - registration completed
2026-08-09 08:30:39 INFO  TC001_AccountRegistration - registration completed
2026-08-09 10:05:30 INFO  TC001_AccountRegistration - program started
2026-08-09 10:05:30 INFO  TC001_AccountRegistration - account cloicked
2026-08-09 10:05:30 INFO  TC001_AccountRegistration - register clicked
2026-08-09 10:05:30 INFO  TC001_AccountRegistration - program started
2026-08-09 10:05:30 INFO  TC001_AccountRegistration - account cloicked
2026-08-09 10:05:30 INFO  TC001_AccountRegistration - register clicked
2026-08-09 10:05:31 INFO  TC001_AccountRegistration - accout regsitartion started
2026-08-09 10:05:32 INFO  TC001_AccountRegistration - accout regsitartion started
2026-08-09 10:05:34 INFO  TC001_AccountRegistration - registration completed
2026-08-09 10:05:34 INFO  TC001_AccountRegistration - registration completed
2026-08-09 10:08:44 INFO  TC001_AccountRegistration - program started
2026-08-09 10:08:44 INFO  TC001_AccountRegistration - account cloicked
2026-08-09 10:08:44 INFO  TC001_AccountRegistration - register clicked
2026-08-09 10:08:45 INFO  TC001_AccountRegistration - accout regsitartion started
2026-08-09 10:08:45 INFO  TC001_AccountRegistration - program started
2026-08-09 10:08:45 INFO  TC001_AccountRegistration - account cloicked
2026-08-09 10:08:45 INFO  TC001_AccountRegistration - register clicked
2026-08-09 10:08:47 INFO  TC001_AccountRegistration - registration completed
2026-08-09 10:08:47 DEBUG TC001_AccountRegistration - please check this 
2026-08-09 10:08:47 INFO  TC001_AccountRegistration - accout regsitartion started
2026-08-09 10:08:49 INFO  TC001_AccountRegistration - registration completed
2026-08-09 10:08:49 DEBUG TC001_AccountRegistration - please check this 
2026-08-09 11:10:45 INFO  TC001_AccountRegistration - program started
2026-08-09 11:10:45 INFO  TC001_AccountRegistration - account cloicked
2026-08-09 11:10:45 INFO  TC001_AccountRegistration - register clicked
2026-08-09 11:10:46 INFO  TC001_AccountRegistration - accout regsitartion started
2026-08-09 11:10:48 INFO  TC001_AccountRegistration - registration completed
2026-08-09 11:10:48 INFO  TC001_AccountRegistration - Login Page Started
2026-08-09 11:14:33 INFO  TC002_LOGIN - program started
2026-08-09 11:14:33 INFO  TC002_LOGIN - account cloicked
2026-08-09 11:14:33 INFO  TC001_AccountRegistration - program started
2026-08-09 11:14:33 INFO  TC001_AccountRegistration - account cloicked
2026-08-09 11:14:33 INFO  TC002_LOGIN - login clicked
2026-08-09 11:14:33 INFO  TC001_AccountRegistration - register clicked
2026-08-09 11:14:34 INFO  TC002_LOGIN - Login page Started started
2026-08-09 11:14:34 INFO  TC001_AccountRegistration - accout regsitartion started
2026-08-09 11:14:36 INFO  TC001_AccountRegistration - registration completed
2026-08-09 11:14:36 INFO  TC001_AccountRegistration - Login Page Started
2026-08-09 11:24:55 INFO  TC002_LOGIN - program started
2026-08-09 11:24:55 INFO  TC002_LOGIN - account cloicked
2026-08-09 11:24:55 INFO  TC002_LOGIN - login clicked
2026-08-09 11:24:55 INFO  TC002_LOGIN - Login page Started started
2026-08-09 11:24:56 INFO  TC001_AccountRegistration - program started
2026-08-09 11:24:56 INFO  TC001_AccountRegistration - account cloicked
2026-08-09 11:24:56 INFO  TC001_AccountRegistration - register clicked
2026-08-09 11:24:57 INFO  TC001_AccountRegistration - accout regsitartion started
2026-08-09 11:24:59 INFO  TC001_AccountRegistration - registration completed
2026-08-09 11:24:59 INFO  TC001_AccountRegistration - Login Page Started
2026-08-09 11:27:09 INFO  TC001_AccountRegistration - program started
2026-08-09 11:27:09 INFO  TC001_AccountRegistration - account cloicked
2026-08-09 11:27:09 INFO  TC002_LOGIN - program started
2026-08-09 11:27:09 INFO  TC002_LOGIN - account cloicked
2026-08-09 11:27:09 INFO  TC001_AccountRegistration - register clicked
2026-08-09 11:27:09 INFO  TC002_LOGIN - login clicked
2026-08-09 11:27:10 INFO  TC002_LOGIN - Login page Started started
2026-08-09 11:27:10 INFO  TC001_AccountRegistration - accout regsitartion started
2026-08-09 11:27:12 INFO  TC002_LOGIN - Logged  in sucesfully
2026-08-09 11:27:12 INFO  TC001_AccountRegistration - registration completed
2026-08-09 11:27:12 INFO  TC001_AccountRegistration - Login Page Started
2026-08-09 15:28:19 INFO  TC002_LOGIN - program started
2026-08-09 15:28:19 INFO  TC002_LOGIN - account cloicked
2026-08-09 15:28:19 INFO  TC002_LOGIN - login clicked
2026-08-09 15:28:19 INFO  TC002_LOGIN - Login page Started started
2026-08-09 15:28:21 INFO  TC002_LOGIN - Logged  in sucesfully
2026-08-09 15:28:21 INFO  TC002_LOGIN - program started
2026-08-09 15:28:21 INFO  TC002_LOGIN - account cloicked
2026-08-09 15:28:21 INFO  TC002_LOGIN - login clicked
2026-08-09 15:32:50 INFO  TC002_LOGIN - program started
2026-08-09 15:32:50 INFO  TC002_LOGIN - account cloicked
2026-08-09 15:32:50 INFO  TC002_LOGIN - login clicked
2026-08-09 15:32:50 INFO  TC002_LOGIN - Login page Started started
2026-08-09 15:32:52 INFO  TC002_LOGIN - Logged  in sucesfully
2026-08-09 15:32:52 INFO  TC002_LOGIN - program started
2026-08-09 15:32:52 INFO  TC002_LOGIN - account cloicked
2026-08-09 15:32:52 INFO  TC002_LOGIN - login clicked
2026-08-09 15:34:54 INFO  TC002_LOGIN - program started
2026-08-09 15:34:54 INFO  TC002_LOGIN - account cloicked
2026-08-09 15:34:55 INFO  TC002_LOGIN - login clicked
2026-08-09 15:34:55 INFO  TC002_LOGIN - Login page Started started
2026-08-09 15:34:56 INFO  TC002_LOGIN - Logged  in sucesfully
2026-08-09 15:34:56 INFO  TC002_LOGIN - program started
2026-08-09 15:34:56 INFO  TC002_LOGIN - account cloicked
2026-08-09 15:34:56 INFO  TC002_LOGIN - login clicked
2026-08-09 15:41:56 INFO  TC002_LOGIN - program started
2026-08-09 15:41:56 INFO  TC002_LOGIN - account cloicked
2026-08-09 15:41:56 INFO  TC002_LOGIN - login clicked
2026-08-09 15:41:56 INFO  TC002_LOGIN - Login page Started started
2026-08-09 15:41:59 INFO  TC002_LOGIN - Logged  in sucesfully
2026-08-09 15:41:59 INFO  TC002_LOGIN - program started
2026-08-09 15:41:59 INFO  TC002_LOGIN - account cloicked
2026-08-09 15:41:59 INFO  TC002_LOGIN - login clicked
2026-08-09 15:47:31 INFO  TC002_LOGIN - program started
2026-08-09 15:47:31 INFO  TC002_LOGIN - account cloicked
2026-08-09 15:47:31 INFO  TC002_LOGIN - login clicked
2026-08-09 15:47:32 INFO  TC002_LOGIN - Login page Started started
2026-08-09 15:47:43 INFO  TC002_LOGIN - Logged  in sucesfully
2026-08-09 15:47:43 INFO  TC002_LOGIN - program started
2026-08-09 15:47:43 INFO  TC002_LOGIN - account cloicked
2026-08-09 15:47:43 INFO  TC002_LOGIN - login clicked
2026-08-09 15:54:32 INFO  TC002_LOGIN - program started
2026-08-09 15:54:32 INFO  TC002_LOGIN - account cloicked
2026-08-09 15:54:32 INFO  TC002_LOGIN - login clicked
2026-08-09 15:54:32 INFO  TC002_LOGIN - Login page Started started
2026-08-09 15:54:34 INFO  TC002_LOGIN - Logged  in sucesfully
2026-08-09 15:54:34 INFO  TC002_LOGIN - program started
2026-08-09 15:54:34 INFO  TC002_LOGIN - account cloicked
2026-08-09 15:54:34 INFO  TC002_LOGIN - login clicked
2026-08-09 15:54:34 INFO  TC002_LOGIN - Login page Started started
2026-08-09 15:54:45 INFO  TC002_LOGIN - Logged  in sucesfully
2026-08-09 15:56:35 INFO  TC002_LOGIN - program started
2026-08-09 15:56:35 INFO  TC002_LOGIN - account cloicked
2026-08-09 15:56:35 INFO  TC002_LOGIN - login clicked
2026-08-09 15:56:35 INFO  TC002_LOGIN - Login page Started started
2026-08-09 15:56:37 INFO  TC002_LOGIN - Logged  in sucesfully
2026-08-09 15:56:37 INFO  TC002_LOGIN - program started
2026-08-09 15:56:37 INFO  TC002_LOGIN - account cloicked
2026-08-09 15:56:37 INFO  TC002_LOGIN - login clicked
2026-08-09 15:56:38 INFO  TC002_LOGIN - Login page Started started
2026-08-09 15:56:49 INFO  TC002_LOGIN - Logged  in sucesfully
2026-08-09 17:54:33 DEBUG PackageRelationshipCollection - Parsing relationship: /xl/_rels/workbook.xml.rels
2026-08-09 17:54:33 DEBUG PackageRelationshipCollection - Parsing relationship: /xl/worksheets/_rels/sheet1.xml.rels
2026-08-09 17:54:33 DEBUG PackageRelationshipCollection - Parsing relationship: /_rels/.rels
2026-08-09 17:54:34 DEBUG PackageRelationshipCollection - Parsing relationship: /xl/_rels/workbook.xml.rels
2026-08-09 17:54:34 DEBUG PackageRelationshipCollection - Parsing relationship: /xl/worksheets/_rels/sheet1.xml.rels
2026-08-09 17:54:34 DEBUG PackageRelationshipCollection - Parsing relationship: /_rels/.rels
2026-08-09 17:54:34 DEBUG PackageRelationshipCollection - Parsing relationship: /xl/_rels/workbook.xml.rels
2026-08-09 17:54:34 DEBUG PackageRelationshipCollection - Parsing relationship: /xl/worksheets/_rels/sheet1.xml.rels
2026-08-09 17:54:34 DEBUG PackageRelationshipCollection - Parsing relationship: /_rels/.rels
2026-08-09 17:54:34 DEBUG PackageRelationshipCollection - Parsing relationship: /xl/_rels/workbook.xml.rels
2026-08-09 17:54:34 DEBUG PackageRelationshipCollection - Parsing relationship: /xl/worksheets/_rels/sheet1.xml.rels
2026-08-09 17:54:34 DEBUG PackageRelationshipCollection - Parsing relationship: /_rels/.rels
2026-08-09 17:54:34 DEBUG PackageRelationshipCollection - Parsing relationship: /xl/_rels/workbook.xml.rels
2026-08-09 17:54:34 DEBUG PackageRelationshipCollection - Parsing relationship: /xl/worksheets/_rels/sheet1.xml.rels
2026-08-09 17:54:34 DEBUG PackageRelationshipCollection - Parsing relationship: /_rels/.rels
2026-08-09 17:54:34 DEBUG PackageRelationshipCollection - Parsing relationship: /xl/_rels/workbook.xml.rels
2026-08-09 17:54:34 DEBUG PackageRelationshipCollection - Parsing relationship: /xl/worksheets/_rels/sheet1.xml.rels
2026-08-09 17:54:34 DEBUG PackageRelationshipCollection - Parsing relationship: /_rels/.rels
2026-08-09 17:54:34 DEBUG PackageRelationshipCollection - Parsing relationship: /xl/_rels/workbook.xml.rels
2026-08-09 17:54:34 DEBUG PackageRelationshipCollection - Parsing relationship: /xl/worksheets/_rels/sheet1.xml.rels
2026-08-09 17:54:34 DEBUG PackageRelationshipCollection - Parsing relationship: /_rels/.rels
2026-08-09 17:54:34 DEBUG PackageRelationshipCollection - Parsing relationship: /xl/_rels/workbook.xml.rels
2026-08-09 17:54:34 DEBUG PackageRelationshipCollection - Parsing relationship: /xl/worksheets/_rels/sheet1.xml.rels
2026-08-09 17:54:34 DEBUG PackageRelationshipCollection - Parsing relationship: /_rels/.rels
2026-08-09 17:54:34 DEBUG PackageRelationshipCollection - Parsing relationship: /xl/_rels/workbook.xml.rels
2026-08-09 17:54:34 DEBUG PackageRelationshipCollection - Parsing relationship: /xl/worksheets/_rels/sheet1.xml.rels
2026-08-09 17:54:34 DEBUG PackageRelationshipCollection - Parsing relationship: /_rels/.rels
2026-08-09 17:54:34 DEBUG PackageRelationshipCollection - Parsing relationship: /xl/_rels/workbook.xml.rels
2026-08-09 17:54:34 DEBUG PackageRelationshipCollection - Parsing relationship: /xl/worksheets/_rels/sheet1.xml.rels
2026-08-09 17:54:34 DEBUG PackageRelationshipCollection - Parsing relationship: /_rels/.rels
2026-08-09 17:54:34 DEBUG PackageRelationshipCollection - Parsing relationship: /xl/_rels/workbook.xml.rels
2026-08-09 17:54:34 DEBUG PackageRelationshipCollection - Parsing relationship: /xl/worksheets/_rels/sheet1.xml.rels
2026-08-09 17:54:34 DEBUG PackageRelationshipCollection - Parsing relationship: /_rels/.rels
2026-08-09 17:54:34 INFO  TC002_LOGIN - program started
2026-08-09 17:54:34 INFO  TC002_LOGIN - login clicked
2026-08-09 17:54:37 INFO  TC002_LOGIN - Logged  in sucesfully
2026-08-09 17:54:37 INFO  TC002_LOGIN - program started
2026-08-09 17:54:37 INFO  TC002_LOGIN - login clicked
2026-08-09 17:54:48 INFO  TC002_LOGIN - Logged  in sucesfully
2026-08-09 17:54:48 INFO  TC002_LOGIN - program started
2026-08-09 17:54:48 INFO  TC002_LOGIN - login clicked
2026-08-09 17:54:58 INFO  TC002_LOGIN - Logged  in sucesfully
2026-08-09 17:56:41 DEBUG PackageRelationshipCollection - Parsing relationship: /xl/_rels/workbook.xml.rels
2026-08-09 17:56:41 DEBUG PackageRelationshipCollection - Parsing relationship: /xl/worksheets/_rels/sheet1.xml.rels
2026-08-09 17:56:41 DEBUG PackageRelationshipCollection - Parsing relationship: /_rels/.rels
2026-08-09 17:56:42 DEBUG PackageRelationshipCollection - Parsing relationship: /xl/_rels/workbook.xml.rels
2026-08-09 17:56:42 DEBUG PackageRelationshipCollection - Parsing relationship: /xl/worksheets/_rels/sheet1.xml.rels
2026-08-09 17:56:42 DEBUG PackageRelationshipCollection - Parsing relationship: /_rels/.rels
2026-08-09 17:56:42 DEBUG PackageRelationshipCollection - Parsing relationship: /xl/_rels/workbook.xml.rels
2026-08-09 17:56:42 DEBUG PackageRelationshipCollection - Parsing relationship: /xl/worksheets/_rels/sheet1.xml.rels
2026-08-09 17:56:42 DEBUG PackageRelationshipCollection - Parsing relationship: /_rels/.rels
2026-08-09 17:56:42 DEBUG PackageRelationshipCollection - Parsing relationship: /xl/_rels/workbook.xml.rels
2026-08-09 17:56:42 DEBUG PackageRelationshipCollection - Parsing relationship: /xl/worksheets/_rels/sheet1.xml.rels
2026-08-09 17:56:42 DEBUG PackageRelationshipCollection - Parsing relationship: /_rels/.rels
2026-08-09 17:56:42 DEBUG PackageRelationshipCollection - Parsing relationship: /xl/_rels/workbook.xml.rels
2026-08-09 17:56:42 DEBUG PackageRelationshipCollection - Parsing relationship: /xl/worksheets/_rels/sheet1.xml.rels
2026-08-09 17:56:42 DEBUG PackageRelationshipCollection - Parsing relationship: /_rels/.rels
2026-08-09 17:56:42 DEBUG PackageRelationshipCollection - Parsing relationship: /xl/_rels/workbook.xml.rels
2026-08-09 17:56:42 DEBUG PackageRelationshipCollection - Parsing relationship: /xl/worksheets/_rels/sheet1.xml.rels
2026-08-09 17:56:42 DEBUG PackageRelationshipCollection - Parsing relationship: /_rels/.rels
2026-08-09 17:56:42 DEBUG PackageRelationshipCollection - Parsing relationship: /xl/_rels/workbook.xml.rels
2026-08-09 17:56:42 DEBUG PackageRelationshipCollection - Parsing relationship: /xl/worksheets/_rels/sheet1.xml.rels
2026-08-09 17:56:42 DEBUG PackageRelationshipCollection - Parsing relationship: /_rels/.rels
2026-08-09 17:56:42 DEBUG PackageRelationshipCollection - Parsing relationship: /xl/_rels/workbook.xml.rels
2026-08-09 17:56:42 DEBUG PackageRelationshipCollection - Parsing relationship: /xl/worksheets/_rels/sheet1.xml.rels
2026-08-09 17:56:42 DEBUG PackageRelationshipCollection - Parsing relationship: /_rels/.rels
2026-08-09 17:56:42 DEBUG PackageRelationshipCollection - Parsing relationship: /xl/_rels/workbook.xml.rels
2026-08-09 17:56:42 DEBUG PackageRelationshipCollection - Parsing relationship: /xl/worksheets/_rels/sheet1.xml.rels
2026-08-09 17:56:42 DEBUG PackageRelationshipCollection - Parsing relationship: /_rels/.rels
2026-08-09 17:56:42 DEBUG PackageRelationshipCollection - Parsing relationship: /xl/_rels/workbook.xml.rels
2026-08-09 17:56:42 DEBUG PackageRelationshipCollection - Parsing relationship: /xl/worksheets/_rels/sheet1.xml.rels
2026-08-09 17:56:42 DEBUG PackageRelationshipCollection - Parsing relationship: /_rels/.rels
2026-08-09 17:56:42 DEBUG PackageRelationshipCollection - Parsing relationship: /xl/_rels/workbook.xml.rels
2026-08-09 17:56:42 DEBUG PackageRelationshipCollection - Parsing relationship: /xl/worksheets/_rels/sheet1.xml.rels
2026-08-09 17:56:42 DEBUG PackageRelationshipCollection - Parsing relationship: /_rels/.rels
2026-08-09 17:56:42 INFO  TC002_LOGIN - program started
2026-08-09 17:56:43 INFO  TC002_LOGIN - login clicked
2026-08-09 17:56:45 INFO  TC002_LOGIN - Logged  in sucesfully
2026-08-09 17:56:45 INFO  TC002_LOGIN - program started
2026-08-09 17:56:45 INFO  TC002_LOGIN - login clicked
2026-08-09 17:56:57 INFO  TC002_LOGIN - Logged  in sucesfully
2026-08-09 17:56:57 INFO  TC002_LOGIN - program started
2026-08-09 17:56:57 INFO  TC002_LOGIN - login clicked
2026-08-09 17:57:08 INFO  TC002_LOGIN - Logged  in sucesfully
2026-08-09 18:03:07 DEBUG PackageRelationshipCollection - Parsing relationship: /xl/_rels/workbook.xml.rels
2026-08-09 18:03:07 DEBUG PackageRelationshipCollection - Parsing relationship: /xl/worksheets/_rels/sheet1.xml.rels
2026-08-09 18:03:07 DEBUG PackageRelationshipCollection - Parsing relationship: /_rels/.rels
2026-08-09 18:03:07 DEBUG PackageRelationshipCollection - Parsing relationship: /xl/_rels/workbook.xml.rels
2026-08-09 18:03:07 DEBUG PackageRelationshipCollection - Parsing relationship: /xl/worksheets/_rels/sheet1.xml.rels
2026-08-09 18:03:07 DEBUG PackageRelationshipCollection - Parsing relationship: /_rels/.rels
2026-08-09 18:03:07 DEBUG PackageRelationshipCollection - Parsing relationship: /xl/_rels/workbook.xml.rels
2026-08-09 18:03:07 DEBUG PackageRelationshipCollection - Parsing relationship: /xl/worksheets/_rels/sheet1.xml.rels
2026-08-09 18:03:07 DEBUG PackageRelationshipCollection - Parsing relationship: /_rels/.rels
2026-08-09 18:03:07 DEBUG PackageRelationshipCollection - Parsing relationship: /xl/_rels/workbook.xml.rels
2026-08-09 18:03:07 DEBUG PackageRelationshipCollection - Parsing relationship: /xl/worksheets/_rels/sheet1.xml.rels
2026-08-09 18:03:07 DEBUG PackageRelationshipCollection - Parsing relationship: /_rels/.rels
2026-08-09 18:03:07 DEBUG PackageRelationshipCollection - Parsing relationship: /xl/_rels/workbook.xml.rels
2026-08-09 18:03:07 DEBUG PackageRelationshipCollection - Parsing relationship: /xl/worksheets/_rels/sheet1.xml.rels
2026-08-09 18:03:07 DEBUG PackageRelationshipCollection - Parsing relationship: /_rels/.rels
2026-08-09 18:03:08 DEBUG PackageRelationshipCollection - Parsing relationship: /xl/_rels/workbook.xml.rels
2026-08-09 18:03:08 DEBUG PackageRelationshipCollection - Parsing relationship: /xl/worksheets/_rels/sheet1.xml.rels
2026-08-09 18:03:08 DEBUG PackageRelationshipCollection - Parsing relationship: /_rels/.rels
2026-08-09 18:03:08 DEBUG PackageRelationshipCollection - Parsing relationship: /xl/_rels/workbook.xml.rels
2026-08-09 18:03:08 DEBUG PackageRelationshipCollection - Parsing relationship: /xl/worksheets/_rels/sheet1.xml.rels
2026-08-09 18:03:08 DEBUG PackageRelationshipCollection - Parsing relationship: /_rels/.rels
2026-08-09 18:03:08 DEBUG PackageRelationshipCollection - Parsing relationship: /xl/_rels/workbook.xml.rels
2026-08-09 18:03:08 DEBUG PackageRelationshipCollection - Parsing relationship: /xl/worksheets/_rels/sheet1.xml.rels
2026-08-09 18:03:08 DEBUG PackageRelationshipCollection - Parsing relationship: /_rels/.rels
2026-08-09 18:03:08 DEBUG PackageRelationshipCollection - Parsing relationship: /xl/_rels/workbook.xml.rels
2026-08-09 18:03:08 DEBUG PackageRelationshipCollection - Parsing relationship: /xl/worksheets/_rels/sheet1.xml.rels
2026-08-09 18:03:08 DEBUG PackageRelationshipCollection - Parsing relationship: /_rels/.rels
2026-08-09 18:03:08 DEBUG PackageRelationshipCollection - Parsing relationship: /xl/_rels/workbook.xml.rels
2026-08-09 18:03:08 DEBUG PackageRelationshipCollection - Parsing relationship: /xl/worksheets/_rels/sheet1.xml.rels
2026-08-09 18:03:08 DEBUG PackageRelationshipCollection - Parsing relationship: /_rels/.rels
2026-08-09 18:03:08 DEBUG PackageRelationshipCollection - Parsing relationship: /xl/_rels/workbook.xml.rels
2026-08-09 18:03:08 DEBUG PackageRelationshipCollection - Parsing relationship: /xl/worksheets/_rels/sheet1.xml.rels
2026-08-09 18:03:08 DEBUG PackageRelationshipCollection - Parsing relationship: /_rels/.rels
2026-08-09 18:03:08 INFO  TC002_LOGIN - program started
2026-08-09 18:03:08 INFO  TC002_LOGIN - login clicked
2026-08-09 18:03:10 INFO  TC002_LOGIN - Logged  in sucesfully
2026-08-09 18:03:10 INFO  TC002_LOGIN - program started
2026-08-09 18:03:10 INFO  TC002_LOGIN - login clicked
2026-08-09 18:03:20 INFO  TC002_LOGIN - Logged  in sucesfully
2026-08-09 18:03:20 INFO  TC002_LOGIN - program started
2026-08-09 18:03:20 INFO  TC002_LOGIN - login clicked
2026-08-09 18:03:30 INFO  TC002_LOGIN - Logged  in sucesfully
2026-08-09 18:10:19 DEBUG PackageRelationshipCollection - Parsing relationship: /xl/_rels/workbook.xml.rels
2026-08-09 18:10:19 DEBUG PackageRelationshipCollection - Parsing relationship: /xl/worksheets/_rels/sheet1.xml.rels
2026-08-09 18:10:19 DEBUG PackageRelationshipCollection - Parsing relationship: /_rels/.rels
2026-08-09 18:10:19 DEBUG PackageRelationshipCollection - Parsing relationship: /xl/_rels/workbook.xml.rels
2026-08-09 18:10:19 DEBUG PackageRelationshipCollection - Parsing relationship: /xl/worksheets/_rels/sheet1.xml.rels
2026-08-09 18:10:19 DEBUG PackageRelationshipCollection - Parsing relationship: /_rels/.rels
2026-08-09 18:10:19 DEBUG PackageRelationshipCollection - Parsing relationship: /xl/_rels/workbook.xml.rels
2026-08-09 18:10:19 DEBUG PackageRelationshipCollection - Parsing relationship: /xl/worksheets/_rels/sheet1.xml.rels
2026-08-09 18:10:19 DEBUG PackageRelationshipCollection - Parsing relationship: /_rels/.rels
2026-08-09 18:10:19 DEBUG PackageRelationshipCollection - Parsing relationship: /xl/_rels/workbook.xml.rels
2026-08-09 18:10:19 DEBUG PackageRelationshipCollection - Parsing relationship: /xl/worksheets/_rels/sheet1.xml.rels
2026-08-09 18:10:19 DEBUG PackageRelationshipCollection - Parsing relationship: /_rels/.rels
2026-08-09 18:10:19 DEBUG PackageRelationshipCollection - Parsing relationship: /xl/_rels/workbook.xml.rels
2026-08-09 18:10:19 DEBUG PackageRelationshipCollection - Parsing relationship: /xl/worksheets/_rels/sheet1.xml.rels
2026-08-09 18:10:19 DEBUG PackageRelationshipCollection - Parsing relationship: /_rels/.rels
2026-08-09 18:10:19 DEBUG PackageRelationshipCollection - Parsing relationship: /xl/_rels/workbook.xml.rels
2026-08-09 18:10:19 DEBUG PackageRelationshipCollection - Parsing relationship: /xl/worksheets/_rels/sheet1.xml.rels
2026-08-09 18:10:19 DEBUG PackageRelationshipCollection - Parsing relationship: /_rels/.rels
2026-08-09 18:10:19 DEBUG PackageRelationshipCollection - Parsing relationship: /xl/_rels/workbook.xml.rels
2026-08-09 18:10:19 DEBUG PackageRelationshipCollection - Parsing relationship: /xl/worksheets/_rels/sheet1.xml.rels
2026-08-09 18:10:19 DEBUG PackageRelationshipCollection - Parsing relationship: /_rels/.rels
2026-08-09 18:10:19 DEBUG PackageRelationshipCollection - Parsing relationship: /xl/_rels/workbook.xml.rels
2026-08-09 18:10:19 DEBUG PackageRelationshipCollection - Parsing relationship: /xl/worksheets/_rels/sheet1.xml.rels
2026-08-09 18:10:19 DEBUG PackageRelationshipCollection - Parsing relationship: /_rels/.rels
2026-08-09 18:10:19 DEBUG PackageRelationshipCollection - Parsing relationship: /xl/_rels/workbook.xml.rels
2026-08-09 18:10:19 DEBUG PackageRelationshipCollection - Parsing relationship: /xl/worksheets/_rels/sheet1.xml.rels
2026-08-09 18:10:19 DEBUG PackageRelationshipCollection - Parsing relationship: /_rels/.rels
2026-08-09 18:10:19 DEBUG PackageRelationshipCollection - Parsing relationship: /xl/_rels/workbook.xml.rels
2026-08-09 18:10:19 DEBUG PackageRelationshipCollection - Parsing relationship: /xl/worksheets/_rels/sheet1.xml.rels
2026-08-09 18:10:19 DEBUG PackageRelationshipCollection - Parsing relationship: /_rels/.rels
2026-08-09 18:10:19 DEBUG PackageRelationshipCollection - Parsing relationship: /xl/_rels/workbook.xml.rels
2026-08-09 18:10:19 DEBUG PackageRelationshipCollection - Parsing relationship: /xl/worksheets/_rels/sheet1.xml.rels
2026-08-09 18:10:19 DEBUG PackageRelationshipCollection - Parsing relationship: /_rels/.rels
2026-08-09 18:10:29 DEBUG PackageRelationshipCollection - Parsing relationship: /xl/_rels/workbook.xml.rels
2026-08-09 18:10:29 DEBUG PackageRelationshipCollection - Parsing relationship: /xl/worksheets/_rels/sheet1.xml.rels
2026-08-09 18:10:29 DEBUG PackageRelationshipCollection - Parsing relationship: /_rels/.rels
2026-08-09 18:10:29 DEBUG PackageRelationshipCollection - Parsing relationship: /xl/_rels/workbook.xml.rels
2026-08-09 18:10:29 DEBUG PackageRelationshipCollection - Parsing relationship: /xl/worksheets/_rels/sheet1.xml.rels
2026-08-09 18:10:29 DEBUG PackageRelationshipCollection - Parsing relationship: /_rels/.rels
2026-08-09 18:10:29 DEBUG PackageRelationshipCollection - Parsing relationship: /xl/_rels/workbook.xml.rels
2026-08-09 18:10:29 DEBUG PackageRelationshipCollection - Parsing relationship: /xl/worksheets/_rels/sheet1.xml.rels
2026-08-09 18:10:29 DEBUG PackageRelationshipCollection - Parsing relationship: /_rels/.rels
2026-08-09 18:10:30 DEBUG PackageRelationshipCollection - Parsing relationship: /xl/_rels/workbook.xml.rels
2026-08-09 18:10:30 DEBUG PackageRelationshipCollection - Parsing relationship: /xl/worksheets/_rels/sheet1.xml.rels
2026-08-09 18:10:30 DEBUG PackageRelationshipCollection - Parsing relationship: /_rels/.rels
2026-08-09 18:10:30 DEBUG PackageRelationshipCollection - Parsing relationship: /xl/_rels/workbook.xml.rels
2026-08-09 18:10:30 DEBUG PackageRelationshipCollection - Parsing relationship: /xl/worksheets/_rels/sheet1.xml.rels
2026-08-09 18:10:30 DEBUG PackageRelationshipCollection - Parsing relationship: /_rels/.rels
2026-08-09 18:10:30 DEBUG PackageRelationshipCollection - Parsing relationship: /xl/_rels/workbook.xml.rels
2026-08-09 18:10:30 DEBUG PackageRelationshipCollection - Parsing relationship: /xl/worksheets/_rels/sheet1.xml.rels
2026-08-09 18:10:30 DEBUG PackageRelationshipCollection - Parsing relationship: /_rels/.rels
2026-08-09 18:10:30 DEBUG PackageRelationshipCollection - Parsing relationship: /xl/_rels/workbook.xml.rels
2026-08-09 18:10:30 DEBUG PackageRelationshipCollection - Parsing relationship: /xl/worksheets/_rels/sheet1.xml.rels
2026-08-09 18:10:30 DEBUG PackageRelationshipCollection - Parsing relationship: /_rels/.rels
2026-08-09 18:10:30 DEBUG PackageRelationshipCollection - Parsing relationship: /xl/_rels/workbook.xml.rels
2026-08-09 18:10:30 DEBUG PackageRelationshipCollection - Parsing relationship: /xl/worksheets/_rels/sheet1.xml.rels
2026-08-09 18:10:30 DEBUG PackageRelationshipCollection - Parsing relationship: /_rels/.rels
2026-08-09 18:10:30 DEBUG PackageRelationshipCollection - Parsing relationship: /xl/_rels/workbook.xml.rels
2026-08-09 18:10:30 DEBUG PackageRelationshipCollection - Parsing relationship: /xl/worksheets/_rels/sheet1.xml.rels
2026-08-09 18:10:30 DEBUG PackageRelationshipCollection - Parsing relationship: /_rels/.rels
2026-08-09 18:10:30 DEBUG PackageRelationshipCollection - Parsing relationship: /xl/_rels/workbook.xml.rels
2026-08-09 18:10:30 DEBUG PackageRelationshipCollection - Parsing relationship: /xl/worksheets/_rels/sheet1.xml.rels
2026-08-09 18:10:30 DEBUG PackageRelationshipCollection - Parsing relationship: /_rels/.rels
2026-08-09 18:10:30 DEBUG PackageRelationshipCollection - Parsing relationship: /xl/_rels/workbook.xml.rels
2026-08-09 18:10:30 DEBUG PackageRelationshipCollection - Parsing relationship: /xl/worksheets/_rels/sheet1.xml.rels
2026-08-09 18:10:30 DEBUG PackageRelationshipCollection - Parsing relationship: /_rels/.rels
2026-08-09 18:10:30 INFO  TC002_LOGIN - program started
2026-08-09 18:10:30 INFO  TC002_LOGIN - login clicked
2026-08-09 18:10:32 INFO  TC002_LOGIN - Logged  in sucesfully
2026-08-09 18:10:32 INFO  TC002_LOGIN - program started
2026-08-09 18:10:33 INFO  TC002_LOGIN - login clicked
2026-08-09 18:10:44 INFO  TC002_LOGIN - Logged  in sucesfully
2026-08-09 18:10:44 INFO  TC002_LOGIN - program started
2026-08-09 18:10:44 INFO  TC002_LOGIN - login clicked
2026-08-09 18:10:55 INFO  TC002_LOGIN - Logged  in sucesfully
2026-08-09 18:13:46 DEBUG PackageRelationshipCollection - Parsing relationship: /xl/_rels/workbook.xml.rels
2026-08-09 18:13:46 DEBUG PackageRelationshipCollection - Parsing relationship: /xl/worksheets/_rels/sheet1.xml.rels
2026-08-09 18:13:46 DEBUG PackageRelationshipCollection - Parsing relationship: /_rels/.rels
2026-08-09 18:13:47 DEBUG PackageRelationshipCollection - Parsing relationship: /xl/_rels/workbook.xml.rels
2026-08-09 18:13:47 DEBUG PackageRelationshipCollection - Parsing relationship: /xl/worksheets/_rels/sheet1.xml.rels
2026-08-09 18:13:47 DEBUG PackageRelationshipCollection - Parsing relationship: /_rels/.rels
2026-08-09 18:13:47 DEBUG PackageRelationshipCollection - Parsing relationship: /xl/_rels/workbook.xml.rels
2026-08-09 18:13:47 DEBUG PackageRelationshipCollection - Parsing relationship: /xl/worksheets/_rels/sheet1.xml.rels
2026-08-09 18:13:47 DEBUG PackageRelationshipCollection - Parsing relationship: /_rels/.rels
2026-08-09 18:13:47 DEBUG PackageRelationshipCollection - Parsing relationship: /xl/_rels/workbook.xml.rels
2026-08-09 18:13:47 DEBUG PackageRelationshipCollection - Parsing relationship: /xl/worksheets/_rels/sheet1.xml.rels
2026-08-09 18:13:47 DEBUG PackageRelationshipCollection - Parsing relationship: /_rels/.rels
2026-08-09 18:13:47 DEBUG PackageRelationshipCollection - Parsing relationship: /xl/_rels/workbook.xml.rels
2026-08-09 18:13:47 DEBUG PackageRelationshipCollection - Parsing relationship: /xl/worksheets/_rels/sheet1.xml.rels
2026-08-09 18:13:47 DEBUG PackageRelationshipCollection - Parsing relationship: /_rels/.rels
2026-08-09 18:13:47 DEBUG PackageRelationshipCollection - Parsing relationship: /xl/_rels/workbook.xml.rels
2026-08-09 18:13:47 DEBUG PackageRelationshipCollection - Parsing relationship: /xl/worksheets/_rels/sheet1.xml.rels
2026-08-09 18:13:47 DEBUG PackageRelationshipCollection - Parsing relationship: /_rels/.rels
2026-08-09 18:13:47 DEBUG PackageRelationshipCollection - Parsing relationship: /xl/_rels/workbook.xml.rels
2026-08-09 18:13:47 DEBUG PackageRelationshipCollection - Parsing relationship: /xl/worksheets/_rels/sheet1.xml.rels
2026-08-09 18:13:47 DEBUG PackageRelationshipCollection - Parsing relationship: /_rels/.rels
2026-08-09 18:13:47 DEBUG PackageRelationshipCollection - Parsing relationship: /xl/_rels/workbook.xml.rels
2026-08-09 18:13:47 DEBUG PackageRelationshipCollection - Parsing relationship: /xl/worksheets/_rels/sheet1.xml.rels
2026-08-09 18:13:47 DEBUG PackageRelationshipCollection - Parsing relationship: /_rels/.rels
2026-08-09 18:13:47 DEBUG PackageRelationshipCollection - Parsing relationship: /xl/_rels/workbook.xml.rels
2026-08-09 18:13:47 DEBUG PackageRelationshipCollection - Parsing relationship: /xl/worksheets/_rels/sheet1.xml.rels
2026-08-09 18:13:47 DEBUG PackageRelationshipCollection - Parsing relationship: /_rels/.rels
2026-08-09 18:13:47 DEBUG PackageRelationshipCollection - Parsing relationship: /xl/_rels/workbook.xml.rels
2026-08-09 18:13:47 DEBUG PackageRelationshipCollection - Parsing relationship: /xl/worksheets/_rels/sheet1.xml.rels
2026-08-09 18:13:47 DEBUG PackageRelationshipCollection - Parsing relationship: /_rels/.rels
2026-08-09 18:13:47 DEBUG PackageRelationshipCollection - Parsing relationship: /xl/_rels/workbook.xml.rels
2026-08-09 18:13:47 DEBUG PackageRelationshipCollection - Parsing relationship: /xl/worksheets/_rels/sheet1.xml.rels
2026-08-09 18:13:47 DEBUG PackageRelationshipCollection - Parsing relationship: /_rels/.rels
2026-08-09 18:13:47 INFO  TC002_LOGIN - program started
2026-08-09 18:13:47 INFO  TC002_LOGIN - login clicked
2026-08-09 18:13:49 INFO  TC002_LOGIN - program started
2026-08-09 18:13:50 INFO  TC002_LOGIN - login clicked
2026-08-09 18:14:00 INFO  TC002_LOGIN - program started
2026-08-09 18:14:00 INFO  TC002_LOGIN - login clicked
2026-08-09 18:15:38 DEBUG PackageRelationshipCollection - Parsing relationship: /xl/_rels/workbook.xml.rels
2026-08-09 18:15:38 DEBUG PackageRelationshipCollection - Parsing relationship: /xl/worksheets/_rels/sheet1.xml.rels
2026-08-09 18:15:38 DEBUG PackageRelationshipCollection - Parsing relationship: /_rels/.rels
2026-08-09 18:15:39 DEBUG PackageRelationshipCollection - Parsing relationship: /xl/_rels/workbook.xml.rels
2026-08-09 18:15:39 DEBUG PackageRelationshipCollection - Parsing relationship: /xl/worksheets/_rels/sheet1.xml.rels
2026-08-09 18:15:39 DEBUG PackageRelationshipCollection - Parsing relationship: /_rels/.rels
2026-08-09 18:15:39 DEBUG PackageRelationshipCollection - Parsing relationship: /xl/_rels/workbook.xml.rels
2026-08-09 18:15:39 DEBUG PackageRelationshipCollection - Parsing relationship: /xl/worksheets/_rels/sheet1.xml.rels
2026-08-09 18:15:39 DEBUG PackageRelationshipCollection - Parsing relationship: /_rels/.rels
2026-08-09 18:15:39 DEBUG PackageRelationshipCollection - Parsing relationship: /xl/_rels/workbook.xml.rels
2026-08-09 18:15:39 DEBUG PackageRelationshipCollection - Parsing relationship: /xl/worksheets/_rels/sheet1.xml.rels
2026-08-09 18:15:39 DEBUG PackageRelationshipCollection - Parsing relationship: /_rels/.rels
2026-08-09 18:15:39 DEBUG PackageRelationshipCollection - Parsing relationship: /xl/_rels/workbook.xml.rels
2026-08-09 18:15:39 DEBUG PackageRelationshipCollection - Parsing relationship: /xl/worksheets/_rels/sheet1.xml.rels
2026-08-09 18:15:39 DEBUG PackageRelationshipCollection - Parsing relationship: /_rels/.rels
2026-08-09 18:15:39 DEBUG PackageRelationshipCollection - Parsing relationship: /xl/_rels/workbook.xml.rels
2026-08-09 18:15:39 DEBUG PackageRelationshipCollection - Parsing relationship: /xl/worksheets/_rels/sheet1.xml.rels
2026-08-09 18:15:39 DEBUG PackageRelationshipCollection - Parsing relationship: /_rels/.rels
2026-08-09 18:15:39 DEBUG PackageRelationshipCollection - Parsing relationship: /xl/_rels/workbook.xml.rels
2026-08-09 18:15:39 DEBUG PackageRelationshipCollection - Parsing relationship: /xl/worksheets/_rels/sheet1.xml.rels
2026-08-09 18:15:39 DEBUG PackageRelationshipCollection - Parsing relationship: /_rels/.rels
2026-08-09 18:15:39 DEBUG PackageRelationshipCollection - Parsing relationship: /xl/_rels/workbook.xml.rels
2026-08-09 18:15:39 DEBUG PackageRelationshipCollection - Parsing relationship: /xl/worksheets/_rels/sheet1.xml.rels
2026-08-09 18:15:39 DEBUG PackageRelationshipCollection - Parsing relationship: /_rels/.rels
2026-08-09 18:15:39 DEBUG PackageRelationshipCollection - Parsing relationship: /xl/_rels/workbook.xml.rels
2026-08-09 18:15:39 DEBUG PackageRelationshipCollection - Parsing relationship: /xl/worksheets/_rels/sheet1.xml.rels
2026-08-09 18:15:39 DEBUG PackageRelationshipCollection - Parsing relationship: /_rels/.rels
2026-08-09 18:15:39 DEBUG PackageRelationshipCollection - Parsing relationship: /xl/_rels/workbook.xml.rels
2026-08-09 18:15:39 DEBUG PackageRelationshipCollection - Parsing relationship: /xl/worksheets/_rels/sheet1.xml.rels
2026-08-09 18:15:39 DEBUG PackageRelationshipCollection - Parsing relationship: /_rels/.rels
2026-08-09 18:15:39 DEBUG PackageRelationshipCollection - Parsing relationship: /xl/_rels/workbook.xml.rels
2026-08-09 18:15:39 DEBUG PackageRelationshipCollection - Parsing relationship: /xl/worksheets/_rels/sheet1.xml.rels
2026-08-09 18:15:39 DEBUG PackageRelationshipCollection - Parsing relationship: /_rels/.rels
2026-08-09 18:15:39 INFO  TC002_LOGIN - program started
2026-08-09 18:15:39 INFO  TC002_LOGIN - login clicked
2026-08-09 18:15:42 INFO  TC002_LOGIN - program started
2026-08-09 18:15:42 INFO  TC002_LOGIN - login clicked
2026-08-09 18:15:55 INFO  TC002_LOGIN - program started
2026-08-09 18:15:55 INFO  TC002_LOGIN - login clicked
2026-08-09 18:19:42 DEBUG PackageRelationshipCollection - Parsing relationship: /xl/_rels/workbook.xml.rels
2026-08-09 18:19:42 DEBUG PackageRelationshipCollection - Parsing relationship: /xl/worksheets/_rels/sheet1.xml.rels
2026-08-09 18:19:42 DEBUG PackageRelationshipCollection - Parsing relationship: /_rels/.rels
2026-08-09 18:19:43 DEBUG PackageRelationshipCollection - Parsing relationship: /xl/_rels/workbook.xml.rels
2026-08-09 18:19:43 DEBUG PackageRelationshipCollection - Parsing relationship: /xl/worksheets/_rels/sheet1.xml.rels
2026-08-09 18:19:43 DEBUG PackageRelationshipCollection - Parsing relationship: /_rels/.rels
2026-08-09 18:19:43 DEBUG PackageRelationshipCollection - Parsing relationship: /xl/_rels/workbook.xml.rels
2026-08-09 18:19:43 DEBUG PackageRelationshipCollection - Parsing relationship: /xl/worksheets/_rels/sheet1.xml.rels
2026-08-09 18:19:43 DEBUG PackageRelationshipCollection - Parsing relationship: /_rels/.rels
2026-08-09 18:19:43 DEBUG PackageRelationshipCollection - Parsing relationship: /xl/_rels/workbook.xml.rels
2026-08-09 18:19:43 DEBUG PackageRelationshipCollection - Parsing relationship: /xl/worksheets/_rels/sheet1.xml.rels
2026-08-09 18:19:43 DEBUG PackageRelationshipCollection - Parsing relationship: /_rels/.rels
2026-08-09 18:19:43 DEBUG PackageRelationshipCollection - Parsing relationship: /xl/_rels/workbook.xml.rels
2026-08-09 18:19:43 DEBUG PackageRelationshipCollection - Parsing relationship: /xl/worksheets/_rels/sheet1.xml.rels
2026-08-09 18:19:43 DEBUG PackageRelationshipCollection - Parsing relationship: /_rels/.rels
2026-08-09 18:19:43 DEBUG PackageRelationshipCollection - Parsing relationship: /xl/_rels/workbook.xml.rels
2026-08-09 18:19:43 DEBUG PackageRelationshipCollection - Parsing relationship: /xl/worksheets/_rels/sheet1.xml.rels
2026-08-09 18:19:43 DEBUG PackageRelationshipCollection - Parsing relationship: /_rels/.rels
2026-08-09 18:19:43 DEBUG PackageRelationshipCollection - Parsing relationship: /xl/_rels/workbook.xml.rels
2026-08-09 18:19:43 DEBUG PackageRelationshipCollection - Parsing relationship: /xl/worksheets/_rels/sheet1.xml.rels
2026-08-09 18:19:43 DEBUG PackageRelationshipCollection - Parsing relationship: /_rels/.rels
2026-08-09 18:19:43 DEBUG PackageRelationshipCollection - Parsing relationship: /xl/_rels/workbook.xml.rels
2026-08-09 18:19:43 DEBUG PackageRelationshipCollection - Parsing relationship: /xl/worksheets/_rels/sheet1.xml.rels
2026-08-09 18:19:43 DEBUG PackageRelationshipCollection - Parsing relationship: /_rels/.rels
2026-08-09 18:19:43 DEBUG PackageRelationshipCollection - Parsing relationship: /xl/_rels/workbook.xml.rels
2026-08-09 18:19:43 DEBUG PackageRelationshipCollection - Parsing relationship: /xl/worksheets/_rels/sheet1.xml.rels
2026-08-09 18:19:43 DEBUG PackageRelationshipCollection - Parsing relationship: /_rels/.rels
2026-08-09 18:19:43 DEBUG PackageRelationshipCollection - Parsing relationship: /xl/_rels/workbook.xml.rels
2026-08-09 18:19:43 DEBUG PackageRelationshipCollection - Parsing relationship: /xl/worksheets/_rels/sheet1.xml.rels
2026-08-09 18:19:43 DEBUG PackageRelationshipCollection - Parsing relationship: /_rels/.rels
2026-08-09 18:19:43 DEBUG PackageRelationshipCollection - Parsing relationship: /xl/_rels/workbook.xml.rels
2026-08-09 18:19:43 DEBUG PackageRelationshipCollection - Parsing relationship: /xl/worksheets/_rels/sheet1.xml.rels
2026-08-09 18:19:43 DEBUG PackageRelationshipCollection - Parsing relationship: /_rels/.rels
2026-08-09 18:19:43 INFO  TC002_LOGIN - program started
2026-08-09 18:19:44 INFO  TC002_LOGIN - login clicked
2026-08-09 18:19:46 INFO  TC002_LOGIN - program started
2026-08-09 18:19:46 INFO  TC002_LOGIN - login clicked
2026-08-09 18:19:58 INFO  TC002_LOGIN - program started
2026-08-09 18:19:58 INFO  TC002_LOGIN - login clicked
